2026-09-06T15:48:43.175+02:00  INFO 11107 --- [configserver] [main] c.e.c.ConfigserverApplication            : Starting ConfigserverApplication using Java 21.0.10 with PID 11107 (/Users/limon/Documents/SehrishWrokspace/eCommerceMicroservice/ecom-microservices/configserver/configserver/target/classes started by limon in /Users/limon/Documents/SehrishWrokspace/eCommerceMicroservice/ecom-microservices)
2026-09-06T15:48:43.178+02:00  INFO 11107 --- [configserver] [main] c.e.c.ConfigserverApplication            : The following 1 profile is active: "native"
2026-09-06T15:48:44.517+02:00  INFO 11107 --- [configserver] [main] faultConfiguringBeanFactoryPostProcessor : No bean named 'errorChannel' has been explicitly defined. Therefore, a default PublishSubscribeChannel will be created.
2026-09-06T15:48:44.534+02:00  INFO 11107 --- [configserver] [main] faultConfiguringBeanFactoryPostProcessor : No bean named 'integrationHeaderChannelRegistry' has been explicitly defined. Therefore, a default DefaultHeaderChannelRegistry will be created.
2026-09-06T15:48:44.592+02:00  INFO 11107 --- [configserver] [main] o.s.cloud.context.scope.GenericScope     : BeanFactory id=9df75eee-0624-3ec2-8d34-4121d51c2220
2026-09-06T15:48:45.009+02:00  INFO 11107 --- [configserver] [main] o.s.boot.tomcat.TomcatWebServer          : Tomcat initialized with port 8888 (http)
2026-09-06T15:48:45.027+02:00  INFO 11107 --- [configserver] [main] o.apache.catalina.core.StandardService   : Starting service [Tomcat]
2026-09-06T15:48:45.027+02:00  INFO 11107 --- [configserver] [main] o.apache.catalina.core.StandardEngine    : Starting Servlet engine: [Apache Tomcat/11.0.24]
2026-09-06T15:48:45.082+02:00  INFO 11107 --- [configserver] [main] b.w.c.s.WebApplicationContextInitializer : Root WebApplicationContext: initialization completed in 1851 ms
2026-09-06T15:48:46.068+02:00  INFO 11107 --- [configserver] [main] o.s.c.s.m.DirectWithAttributesChannel    : Channel 'configserver.springCloudBusInput' has 1 subscriber(s).
2026-09-06T15:48:46.742+02:00  INFO 11107 --- [configserver] [main] o.s.b.a.e.web.EndpointLinksResolver      : Exposing 1 endpoint beneath base path '/actuator'
2026-09-06T15:48:46.814+02:00  INFO 11107 --- [configserver] [main] o.s.i.endpoint.EventDrivenConsumer       : Adding {logging-channel-adapter:_org.springframework.integration.errorLogger} as a subscriber to the 'errorChannel' channel
2026-09-06T15:48:46.815+02:00  INFO 11107 --- [configserver] [main] o.s.i.channel.PublishSubscribeChannel    : Channel 'configserver.errorChannel' has 1 subscriber(s).
2026-09-06T15:48:46.815+02:00  INFO 11107 --- [configserver] [main] o.s.i.endpoint.EventDrivenConsumer       : started bean '_org.springframework.integration.errorLogger'
2026-09-06T15:48:46.833+02:00  INFO 11107 --- [configserver] [main] o.s.c.s.binder.DefaultBinderFactory      : Creating binder: rabbit
2026-09-06T15:48:46.833+02:00  INFO 11107 --- [configserver] [main] o.s.c.s.binder.DefaultBinderFactory      : Constructing binder child context for rabbit
2026-09-06T15:48:46.908+02:00  INFO 11107 --- [configserver] [main] o.s.c.s.binder.DefaultBinderFactory      : Caching the binder: rabbit
2026-09-06T15:48:46.919+02:00  INFO 11107 --- [configserver] [main] c.s.b.r.p.RabbitExchangeQueueProvisioner : declaring queue for inbound: springCloudBus.anonymous.dCHU8KMoQM-UBTUbfihIzg, bound to: springCloudBus
2026-09-06T15:48:46.925+02:00  INFO 11107 --- [configserver] [main] o.s.a.r.c.CachingConnectionFactory       : Attempting to connect to: [localhost:5672]
2026-09-06T15:48:47.002+02:00  INFO 11107 --- [configserver] [main] o.s.a.r.c.CachingConnectionFactory       : Created new connection: rabbitConnectionFactory#3ba5c4dd:0/SimpleConnection@54033a65 [delegate=amqp://rabbit@127.0.0.1:5672/, localPort=52909]
2026-09-06T15:48:47.069+02:00  INFO 11107 --- [configserver] [main] o.s.c.stream.binder.BinderErrorChannel   : Channel 'rabbit-688924887.springCloudBusInput.errors' has 1 subscriber(s).
2026-09-06T15:48:47.070+02:00  INFO 11107 --- [configserver] [main] o.s.c.stream.binder.BinderErrorChannel   : Channel 'rabbit-688924887.springCloudBusInput.errors' has 2 subscriber(s).
2026-09-06T15:48:47.092+02:00  INFO 11107 --- [configserver] [main] o.s.i.a.i.AmqpInboundChannelAdapter      : started bean 'inbound.springCloudBus.anonymous.dCHU8KMoQM-UBTUbfihIzg'
2026-09-06T15:48:47.105+02:00  INFO 11107 --- [configserver] [main] o.s.boot.tomcat.TomcatWebServer          : Tomcat started on port 8888 (http) with context path '/'
2026-09-06T15:48:47.139+02:00  INFO 11107 --- [configserver] [main] c.e.c.ConfigserverApplication            : Started ConfigserverApplication in 4.773 seconds (process running for 5.504)
2026-09-06T15:48:52.916+02:00  INFO 11107 --- [configserver] [SpringApplicationShutdownHook] o.s.boot.tomcat.GracefulShutdown         : Commencing graceful shutdown. Waiting for active requests to complete
2026-09-06T15:48:54.925+02:00  INFO 11107 --- [configserver] [tomcat-shutdown] o.s.boot.tomcat.GracefulShutdown         : Graceful shutdown complete
2026-09-06T15:48:54.937+02:00  INFO 11107 --- [configserver] [SpringApplicationShutdownHook] o.s.a.r.l.SimpleMessageListenerContainer : Waiting for workers to finish.
2026-09-06T15:48:55.119+02:00  INFO 11107 --- [configserver] [SpringApplicationShutdownHook] o.s.a.r.l.SimpleMessageListenerContainer : Successfully waited for workers to finish.
2026-09-06T15:48:55.120+02:00  INFO 11107 --- [configserver] [SpringApplicationShutdownHook] o.s.i.a.i.AmqpInboundChannelAdapter      : stopped bean 'inbound.springCloudBus.anonymous.dCHU8KMoQM-UBTUbfihIzg'
2026-09-06T15:48:55.129+02:00  INFO 11107 --- [configserver] [SpringApplicationShutdownHook] o.s.c.stream.binder.BinderErrorChannel   : Channel 'configserver.rabbit-688924887.springCloudBusInput.errors' has 1 subscriber(s).
2026-09-06T15:48:55.131+02:00  INFO 11107 --- [configserver] [SpringApplicationShutdownHook] o.s.c.stream.binder.BinderErrorChannel   : Channel 'configserver.rabbit-688924887.springCloudBusInput.errors' has 0 subscriber(s).
2026-09-06T15:48:55.166+02:00  INFO 11107 --- [configserver] [SpringApplicationShutdownHook] o.s.i.endpoint.EventDrivenConsumer       : Removing {logging-channel-adapter:_org.springframework.integration.errorLogger} as a subscriber to the 'errorChannel' channel
2026-09-06T15:48:55.167+02:00  INFO 11107 --- [configserver] [SpringApplicationShutdownHook] o.s.i.channel.PublishSubscribeChannel    : Channel 'configserver.errorChannel' has 0 subscriber(s).
2026-09-06T15:48:55.168+02:00  INFO 11107 --- [configserver] [SpringApplicationShutdownHook] o.s.i.endpoint.EventDrivenConsumer       : stopped bean '_org.springframework.integration.errorLogger'
2026-09-06T16:00:10.080+02:00  INFO 12010 --- [configserver] [main] c.e.c.ConfigserverApplication            : Starting ConfigserverApplication using Java 21.0.10 with PID 12010 (/Users/limon/Documents/SehrishWrokspace/eCommerceMicroservice/ecom-microservices/configserver/configserver/target/classes started by limon in /Users/limon/Documents/SehrishWrokspace/eCommerceMicroservice/ecom-microservices)
2026-09-06T16:00:10.082+02:00  INFO 12010 --- [configserver] [main] c.e.c.ConfigserverApplication            : The following 1 profile is active: "native"
2026-09-06T16:00:11.330+02:00  INFO 12010 --- [configserver] [main] faultConfiguringBeanFactoryPostProcessor : No bean named 'errorChannel' has been explicitly defined. Therefore, a default PublishSubscribeChannel will be created.
2026-09-06T16:00:11.343+02:00  INFO 12010 --- [configserver] [main] faultConfiguringBeanFactoryPostProcessor : No bean named 'integrationHeaderChannelRegistry' has been explicitly defined. Therefore, a default DefaultHeaderChannelRegistry will be created.
2026-09-06T16:00:11.397+02:00  INFO 12010 --- [configserver] [main] o.s.cloud.context.scope.GenericScope     : BeanFactory id=9df75eee-0624-3ec2-8d34-4121d51c2220
2026-09-06T16:00:11.777+02:00  INFO 12010 --- [configserver] [main] o.s.boot.tomcat.TomcatWebServer          : Tomcat initialized with port 8888 (http)
2026-09-06T16:00:11.791+02:00  INFO 12010 --- [configserver] [main] o.apache.catalina.core.StandardService   : Starting service [Tomcat]
2026-09-06T16:00:11.792+02:00  INFO 12010 --- [configserver] [main] o.apache.catalina.core.StandardEngine    : Starting Servlet engine: [Apache Tomcat/11.0.24]
2026-09-06T16:00:11.848+02:00  INFO 12010 --- [configserver] [main] b.w.c.s.WebApplicationContextInitializer : Root WebApplicationContext: initialization completed in 1730 ms
2026-09-06T16:00:12.740+02:00  INFO 12010 --- [configserver] [main] o.s.c.s.m.DirectWithAttributesChannel    : Channel 'configserver.springCloudBusInput' has 1 subscriber(s).
2026-09-06T16:00:13.403+02:00  INFO 12010 --- [configserver] [main] o.s.b.a.e.web.EndpointLinksResolver      : Exposing 1 endpoint beneath base path '/actuator'
2026-09-06T16:00:13.476+02:00  INFO 12010 --- [configserver] [main] o.s.i.endpoint.EventDrivenConsumer       : Adding {logging-channel-adapter:_org.springframework.integration.errorLogger} as a subscriber to the 'errorChannel' channel
2026-09-06T16:00:13.476+02:00  INFO 12010 --- [configserver] [main] o.s.i.channel.PublishSubscribeChannel    : Channel 'configserver.errorChannel' has 1 subscriber(s).
2026-09-06T16:00:13.476+02:00  INFO 12010 --- [configserver] [main] o.s.i.endpoint.EventDrivenConsumer       : started bean '_org.springframework.integration.errorLogger'
2026-09-06T16:00:13.499+02:00  INFO 12010 --- [configserver] [main] o.s.c.s.binder.DefaultBinderFactory      : Creating binder: rabbit
2026-09-06T16:00:13.500+02:00  INFO 12010 --- [configserver] [main] o.s.c.s.binder.DefaultBinderFactory      : Constructing binder child context for rabbit
2026-09-06T16:00:13.569+02:00  INFO 12010 --- [configserver] [main] o.s.c.s.binder.DefaultBinderFactory      : Caching the binder: rabbit
2026-09-06T16:00:13.580+02:00  INFO 12010 --- [configserver] [main] c.s.b.r.p.RabbitExchangeQueueProvisioner : declaring queue for inbound: springCloudBus.anonymous.E1EEyrbNSbqRY7UVWyxjow, bound to: springCloudBus
2026-09-06T16:00:13.585+02:00  INFO 12010 --- [configserver] [main] o.s.a.r.c.CachingConnectionFactory       : Attempting to connect to: [localhost:5672]
2026-09-06T16:00:13.674+02:00  INFO 12010 --- [configserver] [main] o.s.a.r.c.CachingConnectionFactory       : Created new connection: rabbitConnectionFactory#be1c08a:0/SimpleConnection@131b58d4 [delegate=amqp://rabbit@127.0.0.1:5672/, localPort=53009]
2026-09-06T16:00:13.757+02:00  INFO 12010 --- [configserver] [main] o.s.c.stream.binder.BinderErrorChannel   : Channel 'rabbit-217859585.springCloudBusInput.errors' has 1 subscriber(s).
2026-09-06T16:00:13.758+02:00  INFO 12010 --- [configserver] [main] o.s.c.stream.binder.BinderErrorChannel   : Channel 'rabbit-217859585.springCloudBusInput.errors' has 2 subscriber(s).
2026-09-06T16:00:13.779+02:00  INFO 12010 --- [configserver] [main] o.s.i.a.i.AmqpInboundChannelAdapter      : started bean 'inbound.springCloudBus.anonymous.E1EEyrbNSbqRY7UVWyxjow'
2026-09-06T16:00:13.792+02:00  INFO 12010 --- [configserver] [main] o.s.boot.tomcat.TomcatWebServer          : Tomcat started on port 8888 (http) with context path '/'
2026-09-06T16:00:13.827+02:00  INFO 12010 --- [configserver] [main] c.e.c.ConfigserverApplication            : Started ConfigserverApplication in 4.326 seconds (process running for 5.068)
2026-09-06T16:00:20.541+02:00  INFO 12010 --- [configserver] [http-nio-8888-exec-1] o.a.c.c.C.[Tomcat].[localhost].[/]       : Initializing Spring DispatcherServlet 'dispatcherServlet'
2026-09-06T16:00:20.542+02:00  INFO 12010 --- [configserver] [http-nio-8888-exec-1] o.s.web.servlet.DispatcherServlet        : Initializing Servlet 'dispatcherServlet'
2026-09-06T16:00:20.544+02:00  INFO 12010 --- [configserver] [http-nio-8888-exec-1] o.s.web.servlet.DispatcherServlet        : Completed initialization in 2 ms
2026-09-06T16:00:20.613+02:00  INFO 12010 --- [configserver] [http-nio-8888-exec-1] o.s.c.c.s.e.NativeEnvironmentRepository  : Adding property source: Config resource 'file [/Users/limon/Documents/SehrishWrokspace/eCommerceMicroservice/ecom-microservices/configserver/configserver/src/main/resources/config/order-service.yml]' via location 'file:////Users/limon/Documents/SehrishWrokspace/eCommerceMicroservice/ecom-microservices/configserver/configserver/src/main/resources/config/'
2026-09-06T16:00:26.869+02:00  INFO 12010 --- [configserver] [http-nio-8888-exec-2] o.s.c.c.s.e.NativeEnvironmentRepository  : Adding property source: Config resource 'file [/Users/limon/Documents/SehrishWrokspace/eCommerceMicroservice/ecom-microservices/configserver/configserver/src/main/resources/config/product-service.yml]' via location 'file:////Users/limon/Documents/SehrishWrokspace/eCommerceMicroservice/ecom-microservices/configserver/configserver/src/main/resources/config/'
2026-09-06T16:00:29.113+02:00  INFO 12010 --- [configserver] [http-nio-8888-exec-3] o.s.c.c.s.e.NativeEnvironmentRepository  : Adding property source: Config resource 'file [/Users/limon/Documents/SehrishWrokspace/eCommerceMicroservice/ecom-microservices/configserver/configserver/src/main/resources/config/user-service.yml]' via location 'file:////Users/limon/Documents/SehrishWrokspace/eCommerceMicroservice/ecom-microservices/configserver/configserver/src/main/resources/config/'
2026-09-06T16:01:04.915+02:00  INFO 12010 --- [configserver] [SpringApplicationShutdownHook] o.s.boot.tomcat.GracefulShutdown         : Commencing graceful shutdown. Waiting for active requests to complete
2026-09-06T16:01:06.933+02:00  INFO 12010 --- [configserver] [tomcat-shutdown] o.s.boot.tomcat.GracefulShutdown         : Graceful shutdown complete
2026-09-06T16:01:06.952+02:00  INFO 12010 --- [configserver] [SpringApplicationShutdownHook] o.s.a.r.l.SimpleMessageListenerContainer : Waiting for workers to finish.
2026-09-06T16:01:06.952+02:00  INFO 12010 --- [configserver] [SpringApplicationShutdownHook] o.s.a.r.l.SimpleMessageListenerContainer : Successfully waited for workers to finish.
2026-09-06T16:01:06.953+02:00  INFO 12010 --- [configserver] [SpringApplicationShutdownHook] o.s.i.a.i.AmqpInboundChannelAdapter      : stopped bean 'inbound.springCloudBus.anonymous.E1EEyrbNSbqRY7UVWyxjow'
2026-09-06T16:01:06.962+02:00  INFO 12010 --- [configserver] [SpringApplicationShutdownHook] o.s.c.stream.binder.BinderErrorChannel   : Channel 'configserver.rabbit-217859585.springCloudBusInput.errors' has 1 subscriber(s).
2026-09-06T16:01:06.963+02:00  INFO 12010 --- [configserver] [SpringApplicationShutdownHook] o.s.c.stream.binder.BinderErrorChannel   : Channel 'configserver.rabbit-217859585.springCloudBusInput.errors' has 0 subscriber(s).
2026-09-06T16:01:07.004+02:00  INFO 12010 --- [configserver] [SpringApplicationShutdownHook] o.s.i.endpoint.EventDrivenConsumer       : Removing {logging-channel-adapter:_org.springframework.integration.errorLogger} as a subscriber to the 'errorChannel' channel
2026-09-06T16:01:07.004+02:00  INFO 12010 --- [configserver] [SpringApplicationShutdownHook] o.s.i.channel.PublishSubscribeChannel    : Channel 'configserver.errorChannel' has 0 subscriber(s).
2026-09-06T16:01:07.005+02:00  INFO 12010 --- [configserver] [SpringApplicationShutdownHook] o.s.i.endpoint.EventDrivenConsumer       : stopped bean '_org.springframework.integration.errorLogger'
2026-09-06T16:11:35.352+02:00  INFO 12965 --- [configserver] [main] c.e.c.ConfigserverApplication            : Starting ConfigserverApplication using Java 21.0.10 with PID 12965 (/Users/limon/Documents/SehrishWrokspace/eCommerceMicroservice/ecom-microservices/configserver/configserver/target/classes started by limon in /Users/limon/Documents/SehrishWrokspace/eCommerceMicroservice/ecom-microservices)
2026-09-06T16:11:35.354+02:00  INFO 12965 --- [configserver] [main] c.e.c.ConfigserverApplication            : The following 1 profile is active: "native"
2026-09-06T16:11:36.849+02:00  INFO 12965 --- [configserver] [main] faultConfiguringBeanFactoryPostProcessor : No bean named 'errorChannel' has been explicitly defined. Therefore, a default PublishSubscribeChannel will be created.
2026-09-06T16:11:36.863+02:00  INFO 12965 --- [configserver] [main] faultConfiguringBeanFactoryPostProcessor : No bean named 'integrationHeaderChannelRegistry' has been explicitly defined. Therefore, a default DefaultHeaderChannelRegistry will be created.
2026-09-06T16:11:36.926+02:00  INFO 12965 --- [configserver] [main] o.s.cloud.context.scope.GenericScope     : BeanFactory id=9df75eee-0624-3ec2-8d34-4121d51c2220
2026-09-06T16:11:37.336+02:00  INFO 12965 --- [configserver] [main] o.s.boot.tomcat.TomcatWebServer          : Tomcat initialized with port 8888 (http)
2026-09-06T16:11:37.351+02:00  INFO 12965 --- [configserver] [main] o.apache.catalina.core.StandardService   : Starting service [Tomcat]
2026-09-06T16:11:37.351+02:00  INFO 12965 --- [configserver] [main] o.apache.catalina.core.StandardEngine    : Starting Servlet engine: [Apache Tomcat/11.0.24]
2026-09-06T16:11:37.413+02:00  INFO 12965 --- [configserver] [main] b.w.c.s.WebApplicationContextInitializer : Root WebApplicationContext: initialization completed in 2012 ms
2026-09-06T16:11:38.453+02:00  INFO 12965 --- [configserver] [main] o.s.c.s.m.DirectWithAttributesChannel    : Channel 'configserver.springCloudBusInput' has 1 subscriber(s).
2026-09-06T16:11:39.177+02:00  INFO 12965 --- [configserver] [main] o.s.b.a.e.web.EndpointLinksResolver      : Exposing 1 endpoint beneath base path '/actuator'
2026-09-06T16:11:39.255+02:00  INFO 12965 --- [configserver] [main] o.s.i.endpoint.EventDrivenConsumer       : Adding {logging-channel-adapter:_org.springframework.integration.errorLogger} as a subscriber to the 'errorChannel' channel
2026-09-06T16:11:39.256+02:00  INFO 12965 --- [configserver] [main] o.s.i.channel.PublishSubscribeChannel    : Channel 'configserver.errorChannel' has 1 subscriber(s).
2026-09-06T16:11:39.256+02:00  INFO 12965 --- [configserver] [main] o.s.i.endpoint.EventDrivenConsumer       : started bean '_org.springframework.integration.errorLogger'
2026-09-06T16:11:39.277+02:00  INFO 12965 --- [configserver] [main] o.s.c.s.binder.DefaultBinderFactory      : Creating binder: rabbit
2026-09-06T16:11:39.278+02:00  INFO 12965 --- [configserver] [main] o.s.c.s.binder.DefaultBinderFactory      : Constructing binder child context for rabbit
2026-09-06T16:11:39.356+02:00  INFO 12965 --- [configserver] [main] o.s.c.s.binder.DefaultBinderFactory      : Caching the binder: rabbit
2026-09-06T16:11:39.367+02:00  INFO 12965 --- [configserver] [main] c.s.b.r.p.RabbitExchangeQueueProvisioner : declaring queue for inbound: springCloudBus.anonymous.fI6OLZ6LRU-kWl8Z0zTJgg, bound to: springCloudBus
2026-09-06T16:11:39.373+02:00  INFO 12965 --- [configserver] [main] o.s.a.r.c.CachingConnectionFactory       : Attempting to connect to: [localhost:5672]
2026-09-06T16:11:39.463+02:00  INFO 12965 --- [configserver] [main] o.s.a.r.c.CachingConnectionFactory       : Created new connection: rabbitConnectionFactory#5c3007d:0/SimpleConnection@69a3bf40 [delegate=amqp://rabbit@127.0.0.1:5672/, localPort=53379]
2026-09-06T16:11:39.549+02:00  INFO 12965 --- [configserver] [main] o.s.c.stream.binder.BinderErrorChannel   : Channel 'rabbit-1159348615.springCloudBusInput.errors' has 1 subscriber(s).
2026-09-06T16:11:39.550+02:00  INFO 12965 --- [configserver] [main] o.s.c.stream.binder.BinderErrorChannel   : Channel 'rabbit-1159348615.springCloudBusInput.errors' has 2 subscriber(s).
2026-09-06T16:11:39.578+02:00  INFO 12965 --- [configserver] [main] o.s.i.a.i.AmqpInboundChannelAdapter      : started bean 'inbound.springCloudBus.anonymous.fI6OLZ6LRU-kWl8Z0zTJgg'
2026-09-06T16:11:39.594+02:00  INFO 12965 --- [configserver] [main] o.s.boot.tomcat.TomcatWebServer          : Tomcat started on port 8888 (http) with context path '/'
2026-09-06T16:11:39.636+02:00  INFO 12965 --- [configserver] [main] c.e.c.ConfigserverApplication            : Started ConfigserverApplication in 5.081 seconds (process running for 5.844)
2026-09-06T16:11:44.631+02:00  INFO 12965 --- [configserver] [SpringApplicationShutdownHook] o.s.boot.tomcat.GracefulShutdown         : Commencing graceful shutdown. Waiting for active requests to complete
2026-09-06T16:11:46.640+02:00  INFO 12965 --- [configserver] [tomcat-shutdown] o.s.boot.tomcat.GracefulShutdown         : Graceful shutdown complete
2026-09-06T16:11:46.654+02:00  INFO 12965 --- [configserver] [SpringApplicationShutdownHook] o.s.a.r.l.SimpleMessageListenerContainer : Waiting for workers to finish.
2026-09-06T16:11:47.604+02:00  INFO 12965 --- [configserver] [SpringApplicationShutdownHook] o.s.a.r.l.SimpleMessageListenerContainer : Successfully waited for workers to finish.
2026-09-06T16:11:47.604+02:00  INFO 12965 --- [configserver] [SpringApplicationShutdownHook] o.s.i.a.i.AmqpInboundChannelAdapter      : stopped bean 'inbound.springCloudBus.anonymous.fI6OLZ6LRU-kWl8Z0zTJgg'
2026-09-06T16:11:47.610+02:00  INFO 12965 --- [configserver] [SpringApplicationShutdownHook] o.s.c.stream.binder.BinderErrorChannel   : Channel 'configserver.rabbit-1159348615.springCloudBusInput.errors' has 1 subscriber(s).
2026-09-06T16:11:47.610+02:00  INFO 12965 --- [configserver] [SpringApplicationShutdownHook] o.s.c.stream.binder.BinderErrorChannel   : Channel 'configserver.rabbit-1159348615.springCloudBusInput.errors' has 0 subscriber(s).
2026-09-06T16:11:47.656+02:00  INFO 12965 --- [configserver] [SpringApplicationShutdownHook] o.s.i.endpoint.EventDrivenConsumer       : Removing {logging-channel-adapter:_org.springframework.integration.errorLogger} as a subscriber to the 'errorChannel' channel
2026-09-06T16:11:47.657+02:00  INFO 12965 --- [configserver] [SpringApplicationShutdownHook] o.s.i.channel.PublishSubscribeChannel    : Channel 'configserver.errorChannel' has 0 subscriber(s).
2026-09-06T16:11:47.658+02:00  INFO 12965 --- [configserver] [SpringApplicationShutdownHook] o.s.i.endpoint.EventDrivenConsumer       : stopped bean '_org.springframework.integration.errorLogger'
2026-09-06T16:14:13.208+02:00  INFO 13232 --- [configserver] [main] c.e.c.ConfigserverApplication            : Starting ConfigserverApplication using Java 21.0.10 with PID 13232 (/Users/limon/Documents/SehrishWrokspace/eCommerceMicroservice/ecom-microservices/configserver/configserver/target/classes started by limon in /Users/limon/Documents/SehrishWrokspace/eCommerceMicroservice/ecom-microservices)
2026-09-06T16:14:13.210+02:00  INFO 13232 --- [configserver] [main] c.e.c.ConfigserverApplication            : The following 1 profile is active: "native"
2026-09-06T16:14:14.340+02:00  INFO 13232 --- [configserver] [main] faultConfiguringBeanFactoryPostProcessor : No bean named 'errorChannel' has been explicitly defined. Therefore, a default PublishSubscribeChannel will be created.
2026-09-06T16:14:14.355+02:00  INFO 13232 --- [configserver] [main] faultConfiguringBeanFactoryPostProcessor : No bean named 'integrationHeaderChannelRegistry' has been explicitly defined. Therefore, a default DefaultHeaderChannelRegistry will be created.
2026-09-06T16:14:14.419+02:00  INFO 13232 --- [configserver] [main] o.s.cloud.context.scope.GenericScope     : BeanFactory id=9df75eee-0624-3ec2-8d34-4121d51c2220
2026-09-06T16:14:14.727+02:00  INFO 13232 --- [configserver] [main] o.s.boot.tomcat.TomcatWebServer          : Tomcat initialized with port 8888 (http)
2026-09-06T16:14:14.738+02:00  INFO 13232 --- [configserver] [main] o.apache.catalina.core.StandardService   : Starting service [Tomcat]
2026-09-06T16:14:14.738+02:00  INFO 13232 --- [configserver] [main] o.apache.catalina.core.StandardEngine    : Starting Servlet engine: [Apache Tomcat/11.0.24]
2026-09-06T16:14:14.782+02:00  INFO 13232 --- [configserver] [main] b.w.c.s.WebApplicationContextInitializer : Root WebApplicationContext: initialization completed in 1533 ms
2026-09-06T16:14:15.511+02:00  INFO 13232 --- [configserver] [main] o.s.c.s.m.DirectWithAttributesChannel    : Channel 'configserver.springCloudBusInput' has 1 subscriber(s).
2026-09-06T16:14:16.161+02:00  INFO 13232 --- [configserver] [main] o.s.b.a.e.web.EndpointLinksResolver      : Exposing 1 endpoint beneath base path '/actuator'
2026-09-06T16:14:16.237+02:00  INFO 13232 --- [configserver] [main] o.s.i.endpoint.EventDrivenConsumer       : Adding {logging-channel-adapter:_org.springframework.integration.errorLogger} as a subscriber to the 'errorChannel' channel
2026-09-06T16:14:16.238+02:00  INFO 13232 --- [configserver] [main] o.s.i.channel.PublishSubscribeChannel    : Channel 'configserver.errorChannel' has 1 subscriber(s).
2026-09-06T16:14:16.238+02:00  INFO 13232 --- [configserver] [main] o.s.i.endpoint.EventDrivenConsumer       : started bean '_org.springframework.integration.errorLogger'
2026-09-06T16:14:16.263+02:00  INFO 13232 --- [configserver] [main] o.s.c.s.binder.DefaultBinderFactory      : Creating binder: rabbit
2026-09-06T16:14:16.263+02:00  INFO 13232 --- [configserver] [main] o.s.c.s.binder.DefaultBinderFactory      : Constructing binder child context for rabbit
2026-09-06T16:14:16.338+02:00  INFO 13232 --- [configserver] [main] o.s.c.s.binder.DefaultBinderFactory      : Caching the binder: rabbit
2026-09-06T16:14:16.350+02:00  INFO 13232 --- [configserver] [main] c.s.b.r.p.RabbitExchangeQueueProvisioner : declaring queue for inbound: springCloudBus.anonymous.Gu2SPm-GRfeU_9xdDKqNHg, bound to: springCloudBus
2026-09-06T16:14:16.356+02:00  INFO 13232 --- [configserver] [main] o.s.a.r.c.CachingConnectionFactory       : Attempting to connect to: [localhost:5672]
2026-09-06T16:14:16.446+02:00  INFO 13232 --- [configserver] [main] o.s.a.r.c.CachingConnectionFactory       : Created new connection: rabbitConnectionFactory#be1c08a:0/SimpleConnection@131b58d4 [delegate=amqp://rabbit@127.0.0.1:5672/, localPort=53462]
2026-09-06T16:14:16.502+02:00  INFO 13232 --- [configserver] [main] o.s.c.stream.binder.BinderErrorChannel   : Channel 'rabbit-217859585.springCloudBusInput.errors' has 1 subscriber(s).
2026-09-06T16:14:16.503+02:00  INFO 13232 --- [configserver] [main] o.s.c.stream.binder.BinderErrorChannel   : Channel 'rabbit-217859585.springCloudBusInput.errors' has 2 subscriber(s).
2026-09-06T16:14:16.526+02:00  INFO 13232 --- [configserver] [main] o.s.i.a.i.AmqpInboundChannelAdapter      : started bean 'inbound.springCloudBus.anonymous.Gu2SPm-GRfeU_9xdDKqNHg'
2026-09-06T16:14:16.538+02:00  INFO 13232 --- [configserver] [main] o.s.boot.tomcat.TomcatWebServer          : Tomcat started on port 8888 (http) with context path '/'
2026-09-06T16:14:16.580+02:00  INFO 13232 --- [configserver] [main] c.e.c.ConfigserverApplication            : Started ConfigserverApplication in 3.864 seconds (process running for 4.517)
2026-09-06T16:14:28.341+02:00  INFO 13232 --- [configserver] [http-nio-8888-exec-1] o.a.c.c.C.[Tomcat].[localhost].[/]       : Initializing Spring DispatcherServlet 'dispatcherServlet'
2026-09-06T16:14:28.342+02:00  INFO 13232 --- [configserver] [http-nio-8888-exec-1] o.s.web.servlet.DispatcherServlet        : Initializing Servlet 'dispatcherServlet'
2026-09-06T16:14:28.344+02:00  INFO 13232 --- [configserver] [http-nio-8888-exec-1] o.s.web.servlet.DispatcherServlet        : Completed initialization in 1 ms
2026-09-06T16:14:28.399+02:00  INFO 13232 --- [configserver] [http-nio-8888-exec-1] o.s.c.c.s.e.NativeEnvironmentRepository  : Adding property source: Config resource 'file [/Users/limon/Documents/SehrishWrokspace/eCommerceMicroservice/ecom-microservices/configserver/configserver/src/main/resources/config/product-service.yml]' via location 'file:////Users/limon/Documents/SehrishWrokspace/eCommerceMicroservice/ecom-microservices/configserver/configserver/src/main/resources/config/'
2026-09-06T16:14:38.279+02:00  INFO 13232 --- [configserver] [http-nio-8888-exec-2] o.s.c.c.s.e.NativeEnvironmentRepository  : Adding property source: Config resource 'file [/Users/limon/Documents/SehrishWrokspace/eCommerceMicroservice/ecom-microservices/configserver/configserver/src/main/resources/config/order-service.yml]' via location 'file:////Users/limon/Documents/SehrishWrokspace/eCommerceMicroservice/ecom-microservices/configserver/configserver/src/main/resources/config/'
2026-09-06T16:14:56.701+02:00  INFO 13232 --- [configserver] [http-nio-8888-exec-3] o.s.c.c.s.e.NativeEnvironmentRepository  : Adding property source: Config resource 'file [/Users/limon/Documents/SehrishWrokspace/eCommerceMicroservice/ecom-microservices/configserver/configserver/src/main/resources/config/user-service.yml]' via location 'file:////Users/limon/Documents/SehrishWrokspace/eCommerceMicroservice/ecom-microservices/configserver/configserver/src/main/resources/config/'
2026-09-06T16:15:08.267+02:00  INFO 13232 --- [configserver] [SpringApplicationShutdownHook] o.s.boot.tomcat.GracefulShutdown         : Commencing graceful shutdown. Waiting for active requests to complete
2026-09-06T16:15:10.281+02:00  INFO 13232 --- [configserver] [tomcat-shutdown] o.s.boot.tomcat.GracefulShutdown         : Graceful shutdown complete
2026-09-06T16:15:10.303+02:00  INFO 13232 --- [configserver] [SpringApplicationShutdownHook] o.s.a.r.l.SimpleMessageListenerContainer : Waiting for workers to finish.
2026-09-06T16:15:10.671+02:00  INFO 13232 --- [configserver] [SpringApplicationShutdownHook] o.s.a.r.l.SimpleMessageListenerContainer : Successfully waited for workers to finish.
2026-09-06T16:15:10.673+02:00  INFO 13232 --- [configserver] [SpringApplicationShutdownHook] o.s.i.a.i.AmqpInboundChannelAdapter      : stopped bean 'inbound.springCloudBus.anonymous.Gu2SPm-GRfeU_9xdDKqNHg'
2026-09-06T16:15:10.692+02:00  INFO 13232 --- [configserver] [SpringApplicationShutdownHook] o.s.c.stream.binder.BinderErrorChannel   : Channel 'configserver.rabbit-217859585.springCloudBusInput.errors' has 1 subscriber(s).
2026-09-06T16:15:10.693+02:00  INFO 13232 --- [configserver] [SpringApplicationShutdownHook] o.s.c.stream.binder.BinderErrorChannel   : Channel 'configserver.rabbit-217859585.springCloudBusInput.errors' has 0 subscriber(s).
2026-09-06T16:15:10.735+02:00  INFO 13232 --- [configserver] [SpringApplicationShutdownHook] o.s.i.endpoint.EventDrivenConsumer       : Removing {logging-channel-adapter:_org.springframework.integration.errorLogger} as a subscriber to the 'errorChannel' channel
2026-09-06T16:15:10.735+02:00  INFO 13232 --- [configserver] [SpringApplicationShutdownHook] o.s.i.channel.PublishSubscribeChannel    : Channel 'configserver.errorChannel' has 0 subscriber(s).
2026-09-06T16:15:10.736+02:00  INFO 13232 --- [configserver] [SpringApplicationShutdownHook] o.s.i.endpoint.EventDrivenConsumer       : stopped bean '_org.springframework.integration.errorLogger'
