2026-09-06T16:13:56.821+02:00  INFO 13206 --- [eureka] [main] com.ecommerce.eureka.EurekaApplication   : Starting EurekaApplication using Java 21.0.10 with PID 13206 (/Users/limon/Documents/SehrishWrokspace/eCommerceMicroservice/ecom-microservices/eureka/target/classes started by limon in /Users/limon/Documents/SehrishWrokspace/eCommerceMicroservice/ecom-microservices)
2026-09-06T16:13:56.824+02:00  INFO 13206 --- [eureka] [main] com.ecommerce.eureka.EurekaApplication   : No active profile set, falling back to 1 default profile: "default"
2026-09-06T16:13:57.823+02:00  INFO 13206 --- [eureka] [main] o.s.cloud.context.scope.GenericScope     : BeanFactory id=b90a1556-bb35-3fb5-a2dd-678d6e6e4cab
2026-09-06T16:13:58.146+02:00  INFO 13206 --- [eureka] [main] o.s.boot.tomcat.TomcatWebServer          : Tomcat initialized with port 8761 (http)
2026-09-06T16:13:58.163+02:00  INFO 13206 --- [eureka] [main] o.apache.catalina.core.StandardService   : Starting service [Tomcat]
2026-09-06T16:13:58.163+02:00  INFO 13206 --- [eureka] [main] o.apache.catalina.core.StandardEngine    : Starting Servlet engine: [Apache Tomcat/11.0.24]
2026-09-06T16:13:58.226+02:00  INFO 13206 --- [eureka] [main] b.w.c.s.WebApplicationContextInitializer : Root WebApplicationContext: initialization completed in 1350 ms
2026-09-06T16:13:59.341+02:00  INFO 13206 --- [eureka] [main] c.n.d.provider.DiscoveryJerseyProvider   : Using JSON encoding codec LegacyJacksonJson
2026-09-06T16:13:59.341+02:00  INFO 13206 --- [eureka] [main] c.n.d.provider.DiscoveryJerseyProvider   : Using JSON decoding codec LegacyJacksonJson
2026-09-06T16:13:59.570+02:00  INFO 13206 --- [eureka] [main] c.n.d.provider.DiscoveryJerseyProvider   : Using XML encoding codec XStreamXml
2026-09-06T16:13:59.570+02:00  INFO 13206 --- [eureka] [main] c.n.d.provider.DiscoveryJerseyProvider   : Using XML decoding codec XStreamXml
2026-09-06T16:13:59.730+02:00  INFO 13206 --- [eureka] [main] o.s.v.b.OptionalValidatorFactoryBean     : Failed to set up a Bean Validation provider: jakarta.validation.NoProviderFoundException: Unable to create a Configuration, because no Jakarta Validation provider could be found. Add a provider like Hibernate Validator (RI) to your classpath.
2026-09-06T16:14:00.455+02:00  WARN 13206 --- [eureka] [main] iguration$LoadBalancerCaffeineWarnLogger : Spring Cloud LoadBalancer is currently working with the default cache. While this cache implementation is useful for development and tests, it's recommended to use Caffeine cache in production.You can switch to using Caffeine cache, by adding it and org.springframework.cache.caffeine.CaffeineCacheManager to the classpath.
2026-09-06T16:14:00.473+02:00  INFO 13206 --- [eureka] [main] o.s.c.n.eureka.InstanceInfoFactory       : Setting initial instance status as: STARTING
2026-09-06T16:14:00.506+02:00  INFO 13206 --- [eureka] [main] com.netflix.discovery.DiscoveryClient    : Initializing Eureka in region us-east-1
2026-09-06T16:14:00.506+02:00  INFO 13206 --- [eureka] [main] com.netflix.discovery.DiscoveryClient    : Client configured to neither register nor query for data.
2026-09-06T16:14:00.507+02:00  INFO 13206 --- [eureka] [main] com.netflix.discovery.DiscoveryClient    : Discovery Client initialized at timestamp 1788704040507 with initial instances count: 0
2026-09-06T16:14:00.553+02:00  INFO 13206 --- [eureka] [main] c.n.eureka.DefaultEurekaServerContext    : Initializing ...
2026-09-06T16:14:00.554+02:00  INFO 13206 --- [eureka] [main] c.n.eureka.cluster.PeerEurekaNodes       : Adding new peer nodes [http://localhost:8761/eureka/]
2026-09-06T16:14:00.678+02:00  INFO 13206 --- [eureka] [main] c.n.d.provider.DiscoveryJerseyProvider   : Using JSON encoding codec LegacyJacksonJson
2026-09-06T16:14:00.678+02:00  INFO 13206 --- [eureka] [main] c.n.d.provider.DiscoveryJerseyProvider   : Using JSON decoding codec LegacyJacksonJson
2026-09-06T16:14:00.679+02:00  INFO 13206 --- [eureka] [main] c.n.d.provider.DiscoveryJerseyProvider   : Using XML encoding codec XStreamXml
2026-09-06T16:14:00.679+02:00  INFO 13206 --- [eureka] [main] c.n.d.provider.DiscoveryJerseyProvider   : Using XML decoding codec XStreamXml
2026-09-06T16:14:00.722+02:00  INFO 13206 --- [eureka] [main] c.n.eureka.cluster.PeerEurekaNodes       : Replica node URL:  http://localhost:8761/eureka/
2026-09-06T16:14:00.734+02:00  INFO 13206 --- [eureka] [main] c.n.e.registry.AbstractInstanceRegistry  : Finished initializing remote region registries. All known remote regions: []
2026-09-06T16:14:00.734+02:00  INFO 13206 --- [eureka] [main] c.n.eureka.DefaultEurekaServerContext    : Initialized
2026-09-06T16:14:00.742+02:00  INFO 13206 --- [eureka] [main] o.s.b.a.e.web.EndpointLinksResolver      : Exposing 1 endpoint beneath base path '/actuator'
2026-09-06T16:14:00.786+02:00  INFO 13206 --- [eureka] [main] o.s.c.n.e.s.EurekaServiceRegistry        : Registering application EUREKA with eureka with status UP
2026-09-06T16:14:00.800+02:00  INFO 13206 --- [eureka] [Thread-9] o.s.c.n.e.server.EurekaServerBootstrap   : isAws returned false
2026-09-06T16:14:00.800+02:00  INFO 13206 --- [eureka] [Thread-9] o.s.c.n.e.server.EurekaServerBootstrap   : Initialized server context
2026-09-06T16:14:00.801+02:00  INFO 13206 --- [eureka] [Thread-9] c.n.e.r.PeerAwareInstanceRegistryImpl    : Got 1 instances from neighboring DS node
2026-09-06T16:14:00.801+02:00  INFO 13206 --- [eureka] [Thread-9] c.n.e.r.PeerAwareInstanceRegistryImpl    : Renew threshold is: 1
2026-09-06T16:14:00.801+02:00  INFO 13206 --- [eureka] [Thread-9] c.n.e.r.PeerAwareInstanceRegistryImpl    : Changing status to UP
2026-09-06T16:14:00.802+02:00  INFO 13206 --- [eureka] [main] o.s.boot.tomcat.TomcatWebServer          : Tomcat started on port 8761 (http) with context path '/'
2026-09-06T16:14:00.803+02:00  INFO 13206 --- [eureka] [Thread-9] e.s.EurekaServerInitializerConfiguration : Started Eureka Server
2026-09-06T16:14:00.803+02:00  INFO 13206 --- [eureka] [main] .s.c.n.e.s.EurekaAutoServiceRegistration : Updating port to 8761
2026-09-06T16:14:00.814+02:00  INFO 13206 --- [eureka] [main] com.ecommerce.eureka.EurekaApplication   : Started EurekaApplication in 4.558 seconds (process running for 5.421)
2026-09-06T16:14:35.506+02:00  INFO 13206 --- [eureka] [http-nio-8761-exec-1] o.a.c.c.C.[Tomcat].[localhost].[/]       : Initializing Spring DispatcherServlet 'dispatcherServlet'
2026-09-06T16:14:35.507+02:00  INFO 13206 --- [eureka] [http-nio-8761-exec-1] o.s.web.servlet.DispatcherServlet        : Initializing Servlet 'dispatcherServlet'
2026-09-06T16:14:35.509+02:00  INFO 13206 --- [eureka] [http-nio-8761-exec-1] o.s.web.servlet.DispatcherServlet        : Completed initialization in 2 ms
2026-09-06T16:14:35.990+02:00  INFO 13206 --- [eureka] [http-nio-8761-exec-2] c.n.e.registry.AbstractInstanceRegistry  : Registered instance PRODUCT-SERVICE/macbookpro:product-service:8081 with status UP (replication=false)
2026-09-06T16:14:36.690+02:00  INFO 13206 --- [eureka] [http-nio-8761-exec-3] c.n.e.registry.AbstractInstanceRegistry  : Registered instance PRODUCT-SERVICE/macbookpro:product-service:8081 with status UP (replication=true)
2026-09-06T16:14:45.172+02:00  INFO 13206 --- [eureka] [http-nio-8761-exec-5] c.n.e.registry.AbstractInstanceRegistry  : Registered instance ORDER-SERVICE/macbookpro:order-service:8083 with status UP (replication=false)
2026-09-06T16:14:45.684+02:00  INFO 13206 --- [eureka] [http-nio-8761-exec-6] c.n.e.registry.AbstractInstanceRegistry  : Registered instance ORDER-SERVICE/macbookpro:order-service:8083 with status UP (replication=true)
2026-09-06T16:15:00.805+02:00  INFO 13206 --- [eureka] [Eureka-EvictionTimer] c.n.e.registry.AbstractInstanceRegistry  : Running the evict task with compensationTime 0ms
2026-09-06T16:15:04.415+02:00  INFO 13206 --- [eureka] [http-nio-8761-exec-8] c.n.e.registry.AbstractInstanceRegistry  : Registered instance USER-SERVICE/macbookpro:user-service:8082 with status UP (replication=false)
2026-09-06T16:15:04.933+02:00  INFO 13206 --- [eureka] [http-nio-8761-exec-9] c.n.e.registry.AbstractInstanceRegistry  : Registered instance USER-SERVICE/macbookpro:user-service:8082 with status UP (replication=true)
2026-09-06T16:15:08.247+02:00  INFO 13206 --- [eureka] [SpringApplicationShutdownHook] o.s.c.n.e.s.EurekaServiceRegistry        : Unregistering application EUREKA with eureka with status DOWN
2026-09-06T16:15:08.251+02:00  INFO 13206 --- [eureka] [SpringApplicationShutdownHook] o.s.boot.tomcat.GracefulShutdown         : Commencing graceful shutdown. Waiting for active requests to complete
2026-09-06T16:15:08.256+02:00  INFO 13206 --- [eureka] [http-nio-8761-exec-3] c.n.e.registry.AbstractInstanceRegistry  : Registered instance PRODUCT-SERVICE/macbookpro:product-service:8081 with status DOWN (replication=false)
2026-09-06T16:15:08.279+02:00  INFO 13206 --- [eureka] [tomcat-shutdown] o.s.boot.tomcat.GracefulShutdown         : Graceful shutdown complete
2026-09-06T16:15:08.282+02:00  INFO 13206 --- [eureka] [SpringApplicationShutdownHook] o.s.c.n.e.server.EurekaServerBootstrap   : Shutting down Eureka Server..
2026-09-06T16:15:08.282+02:00  INFO 13206 --- [eureka] [SpringApplicationShutdownHook] c.n.eureka.DefaultEurekaServerContext    : Shutting down ...
2026-09-06T16:15:08.285+02:00  INFO 13206 --- [eureka] [SpringApplicationShutdownHook] c.n.eureka.DefaultEurekaServerContext    : Shut down
2026-09-06T16:15:08.285+02:00  INFO 13206 --- [eureka] [SpringApplicationShutdownHook] o.s.c.n.e.server.EurekaServerBootstrap   : Eureka Service is now shutdown...
2026-09-06T16:15:08.285+02:00  INFO 13206 --- [eureka] [SpringApplicationShutdownHook] c.n.eureka.DefaultEurekaServerContext    : Shutting down ...
2026-09-06T16:15:08.286+02:00  INFO 13206 --- [eureka] [SpringApplicationShutdownHook] c.n.eureka.DefaultEurekaServerContext    : Shut down
2026-09-06T16:15:08.283+02:00 ERROR 13206 --- [eureka] [Eureka-Jersey3Client-Conn-Cleaner2] c.n.d.s.t.j.EurekaJersey3ClientImpl      : Cannot clean connections

java.lang.IllegalStateException: Client instance has been closed.
	at org.glassfish.jersey.internal.guava.Preconditions.checkState(Preconditions.java:169) ~[jersey-common-4.0.2.jar:na]
	at org.glassfish.jersey.client.JerseyClient.checkNotClosed(JerseyClient.java:248) ~[jersey-client-4.0.2.jar:na]
	at org.glassfish.jersey.client.JerseyClient.getConfiguration(JerseyClient.java:363) ~[jersey-client-4.0.2.jar:na]
	at org.glassfish.jersey.client.JerseyClient.getConfiguration(JerseyClient.java:54) ~[jersey-client-4.0.2.jar:na]
	at com.netflix.discovery.shared.transport.jersey3.EurekaJersey3ClientImpl$ConnectionCleanerTask.run(EurekaJersey3ClientImpl.java:338) ~[eureka-client-jersey3-2.0.6.jar:2.0.6]
	at java.base/java.util.concurrent.Executors$RunnableAdapter.call(Executors.java:572) ~[na:na]
	at java.base/java.util.concurrent.FutureTask.run(FutureTask.java:317) ~[na:na]
	at java.base/java.util.concurrent.ScheduledThreadPoolExecutor$ScheduledFutureTask.run(ScheduledThreadPoolExecutor.java:304) ~[na:na]
	at java.base/java.util.concurrent.ThreadPoolExecutor.runWorker(ThreadPoolExecutor.java:1144) ~[na:na]
	at java.base/java.util.concurrent.ThreadPoolExecutor$Worker.run(ThreadPoolExecutor.java:642) ~[na:na]
	at java.base/java.lang.Thread.run(Thread.java:1583) ~[na:na]

2026-09-06T16:15:08.289+02:00  INFO 13206 --- [eureka] [SpringApplicationShutdownHook] com.netflix.discovery.DiscoveryClient    : Shutting down DiscoveryClient ...
2026-09-06T16:15:08.289+02:00  INFO 13206 --- [eureka] [SpringApplicationShutdownHook] com.netflix.discovery.DiscoveryClient    : Completed shut down of DiscoveryClient
